{
  "string": "FOO",
  "numeric": 5678,
  "nochange": "NOCHANGE",
  "object": {
    "key": "VALUE"
  },
  "array": [
      "ITEM"
  ],
  "children": {
    "boy": "boy",
    "girl": "girl"
  }
}
